// Jest Snapshot v1, https://goo.gl/fbAQLP

exports[`should render ButtonInline component 1`] = `
<button
  className="btn-inline "
>
  Click me!
</button>
`;
